Archive member included to satisfy reference by file (symbol)

c:/st/stm32cubeide_1.5.1/stm32cubeide/plugins/com.st.stm32cube.ide.mcu.externaltools.gnu-tools-for-stm32.10.3-2021.10.win32_1.0.100.202210260954/tools/bin/../lib/gcc/arm-none-eabi/10.3.1/../../../../arm-none-eabi/lib/thumb/v6-m/nofp\libc_nano.a(lib_a-errno.o)
                              ./Core/Src/syscalls.o (__errno)
c:/st/stm32cubeide_1.5.1/stm32cubeide/plugins/com.st.stm32cube.ide.mcu.externaltools.gnu-tools-for-stm32.10.3-2021.10.win32_1.0.100.202210260954/tools/bin/../lib/gcc/arm-none-eabi/10.3.1/../../../../arm-none-eabi/lib/thumb/v6-m/nofp\libc_nano.a(lib_a-exit.o)
                              c:/st/stm32cubeide_1.5.1/stm32cubeide/plugins/com.st.stm32cube.ide.mcu.externaltools.gnu-tools-for-stm32.10.3-2021.10.win32_1.0.100.202210260954/tools/bin/../lib/gcc/arm-none-eabi/10.3.1/../../../../arm-none-eabi/lib/thumb/v6-m/nofp/crt0.o (exit)
c:/st/stm32cubeide_1.5.1/stm32cubeide/plugins/com.st.stm32cube.ide.mcu.externaltools.gnu-tools-for-stm32.10.3-2021.10.win32_1.0.100.202210260954/tools/bin/../lib/gcc/arm-none-eabi/10.3.1/../../../../arm-none-eabi/lib/thumb/v6-m/nofp\libc_nano.a(lib_a-impure.o)
                              c:/st/stm32cubeide_1.5.1/stm32cubeide/plugins/com.st.stm32cube.ide.mcu.externaltools.gnu-tools-for-stm32.10.3-2021.10.win32_1.0.100.202210260954/tools/bin/../lib/gcc/arm-none-eabi/10.3.1/../../../../arm-none-eabi/lib/thumb/v6-m/nofp\libc_nano.a(lib_a-exit.o) (_global_impure_ptr)
c:/st/stm32cubeide_1.5.1/stm32cubeide/plugins/com.st.stm32cube.ide.mcu.externaltools.gnu-tools-for-stm32.10.3-2021.10.win32_1.0.100.202210260954/tools/bin/../lib/gcc/arm-none-eabi/10.3.1/../../../../arm-none-eabi/lib/thumb/v6-m/nofp\libc_nano.a(lib_a-init.o)
                              c:/st/stm32cubeide_1.5.1/stm32cubeide/plugins/com.st.stm32cube.ide.mcu.externaltools.gnu-tools-for-stm32.10.3-2021.10.win32_1.0.100.202210260954/tools/bin/../lib/gcc/arm-none-eabi/10.3.1/../../../../arm-none-eabi/lib/thumb/v6-m/nofp/crt0.o (__libc_init_array)
c:/st/stm32cubeide_1.5.1/stm32cubeide/plugins/com.st.stm32cube.ide.mcu.externaltools.gnu-tools-for-stm32.10.3-2021.10.win32_1.0.100.202210260954/tools/bin/../lib/gcc/arm-none-eabi/10.3.1/../../../../arm-none-eabi/lib/thumb/v6-m/nofp\libc_nano.a(lib_a-itoa.o)
                              ./Core/Src/menu.o (itoa)
c:/st/stm32cubeide_1.5.1/stm32cubeide/plugins/com.st.stm32cube.ide.mcu.externaltools.gnu-tools-for-stm32.10.3-2021.10.win32_1.0.100.202210260954/tools/bin/../lib/gcc/arm-none-eabi/10.3.1/../../../../arm-none-eabi/lib/thumb/v6-m/nofp\libc_nano.a(lib_a-memset.o)
                              c:/st/stm32cubeide_1.5.1/stm32cubeide/plugins/com.st.stm32cube.ide.mcu.externaltools.gnu-tools-for-stm32.10.3-2021.10.win32_1.0.100.202210260954/tools/bin/../lib/gcc/arm-none-eabi/10.3.1/../../../../arm-none-eabi/lib/thumb/v6-m/nofp/crt0.o (memset)
c:/st/stm32cubeide_1.5.1/stm32cubeide/plugins/com.st.stm32cube.ide.mcu.externaltools.gnu-tools-for-stm32.10.3-2021.10.win32_1.0.100.202210260954/tools/bin/../lib/gcc/arm-none-eabi/10.3.1/../../../../arm-none-eabi/lib/thumb/v6-m/nofp\libc_nano.a(lib_a-utoa.o)
                              c:/st/stm32cubeide_1.5.1/stm32cubeide/plugins/com.st.stm32cube.ide.mcu.externaltools.gnu-tools-for-stm32.10.3-2021.10.win32_1.0.100.202210260954/tools/bin/../lib/gcc/arm-none-eabi/10.3.1/../../../../arm-none-eabi/lib/thumb/v6-m/nofp\libc_nano.a(lib_a-itoa.o) (__utoa)
c:/st/stm32cubeide_1.5.1/stm32cubeide/plugins/com.st.stm32cube.ide.mcu.externaltools.gnu-tools-for-stm32.10.3-2021.10.win32_1.0.100.202210260954/tools/bin/../lib/gcc/arm-none-eabi/10.3.1/../../../../arm-none-eabi/lib/thumb/v6-m/nofp\libc_nano.a(lib_a-memcpy-stub.o)
                              c:/st/stm32cubeide_1.5.1/stm32cubeide/plugins/com.st.stm32cube.ide.mcu.externaltools.gnu-tools-for-stm32.10.3-2021.10.win32_1.0.100.202210260954/tools/bin/../lib/gcc/arm-none-eabi/10.3.1/../../../../arm-none-eabi/lib/thumb/v6-m/nofp\libc_nano.a(lib_a-utoa.o) (memcpy)
c:/st/stm32cubeide_1.5.1/stm32cubeide/plugins/com.st.stm32cube.ide.mcu.externaltools.gnu-tools-for-stm32.10.3-2021.10.win32_1.0.100.202210260954/tools/bin/../lib/gcc/arm-none-eabi/10.3.1/thumb/v6-m/nofp\libgcc.a(_udivsi3.o)
                              ./Core/Src/main.o (__aeabi_uidiv)
c:/st/stm32cubeide_1.5.1/stm32cubeide/plugins/com.st.stm32cube.ide.mcu.externaltools.gnu-tools-for-stm32.10.3-2021.10.win32_1.0.100.202210260954/tools/bin/../lib/gcc/arm-none-eabi/10.3.1/thumb/v6-m/nofp\libgcc.a(_divsi3.o)
                              ./Core/Src/menu.o (__aeabi_idiv)
c:/st/stm32cubeide_1.5.1/stm32cubeide/plugins/com.st.stm32cube.ide.mcu.externaltools.gnu-tools-for-stm32.10.3-2021.10.win32_1.0.100.202210260954/tools/bin/../lib/gcc/arm-none-eabi/10.3.1/thumb/v6-m/nofp\libgcc.a(_dvmd_tls.o)
[...]
Memory Configuration

Name             Origin             Length             Attributes
RAM              0x0000000020000000 0x0000000000002000 xrw
FLASH            0x0000000008000000 0x0000000000010000 xr
*default*        0x0000000000000000 0xffffffffffffffff

Linker script and memory map

LOAD c:/st/stm32cubeide_1.5.1/stm32cubeide/plugins/com.st.stm32cube.ide.mcu.externaltools.gnu-tools-for-stm32.10.3-2021.10.win32_1.0.100.202210260954/tools/bin/../lib/gcc/arm-none-eabi/10.3.1/thumb/v6-m/nofp/crti.o
LOAD c:/st/stm32cubeide_1.5.1/stm32cubeide/plugins/com.st.stm32cube.ide.mcu.externaltools.gnu-tools-for-stm32.10.3-2021.10.win32_1.0.100.202210260954/tools/bin/../lib/gcc/arm-none-eabi/10.3.1/thumb/v6-m/nofp/crtbegin.o
LOAD c:/st/stm32cubeide_1.5.1/stm32cubeide/plugins/com.st.stm32cube.ide.mcu.externaltools.gnu-tools-for-stm32.10.3-2021.10.win32_1.0.100.202210260954/tools/bin/../lib/gcc/arm-none-eabi/10.3.1/../../../../arm-none-eabi/lib/thumb/v6-m/nofp/crt0.o
LOAD ./Core/Src/EEPROM.o
LOAD ./Core/Src/adc.o
LOAD ./Core/Src/gpio.o
LOAD ./Core/Src/i2c.o
LOAD ./Core/Src/main.o
LOAD ./Core/Src/menu.o
LOAD ./Core/Src/nokia5110_LCD.o
LOAD ./Core/Src/spi.o
LOAD ./Core/Src/stm32f0xx_it.o
LOAD ./Core/Src/syscalls.o
LOAD ./Core/Src/sysmem.o
LOAD ./Core/Src/system_stm32f0xx.o
LOAD ./Core/Src/tim.o
LOAD ./Core/Src/callbacks/callbacks.o
LOAD ./Core/Src/callbacks/par_callbacks.o
LOAD ./Core/Src/callbacks/train_callbacks.o
LOAD ./Core/Startup/startup_stm32f030r8tx.o
LOAD ./Drivers/STM32F0xx_HAL_Driver/Src/stm32f0xx_ll_adc.o
LOAD ./Drivers/STM32F0xx_HAL_Driver/Src/stm32f0xx_ll_dma.o
LOAD ./Drivers/STM32F0xx_HAL_Driver/Src/stm32f0xx_ll_exti.o
LOAD ./Drivers/STM32F0xx_HAL_Driver/Src/stm32f0xx_ll_gpio.o
LOAD ./Drivers/STM32F0xx_HAL_Driver/Src/stm32f0xx_ll_i2c.o
LOAD ./Drivers/STM32F0xx_HAL_Driver/Src/stm32f0xx_ll_pwr.o
LOAD ./Drivers/STM32F0xx_HAL_Driver/Src/stm32f0xx_ll_rcc.o
LOAD ./Drivers/STM32F0xx_HAL_Driver/Src/stm32f0xx_ll_spi.o
LOAD ./Drivers/STM32F0xx_HAL_Driver/Src/stm32f0xx_ll_tim.o
LOAD ./Drivers/STM32F0xx_HAL_Driver/Src/stm32f0xx_ll_utils.o
START GROUP
LOAD c:/st/stm32cubeide_1.5.1/stm32cubeide/plugins/com.st.stm32cube.ide.mcu.externaltools.gnu-tools-for-stm32.10.3-2021.10.win32_1.0.100.202210260954/tools/bin/../lib/gcc/arm-none-eabi/10.3.1/../../../../arm-none-eabi/lib/thumb/v6-m/nofp\libc_nano.a
LOAD c:/st/stm32cubeide_1.5.1/stm32cubeide/plugins/com.st.stm32cube.ide.mcu.externaltools.gnu-tools-for-stm32.10.3-2021.10.win32_1.0.100.202210260954/tools/bin/../lib/gcc/arm-none-eabi/10.3.1/../../../../arm-none-eabi/lib/thumb/v6-m/nofp\libm.a
END GROUP
START GROUP
LOAD c:/st/stm32cubeide_1.5.1/stm32cubeide/plugins/com.st.stm32cube.ide.mcu.externaltools.gnu-tools-for-stm32.10.3-2021.10.win32_1.0.100.202210260954/tools/bin/../lib/gcc/arm-none-eabi/10.3.1/thumb/v6-m/nofp\libgcc.a
LOAD c:/st/stm32cubeide_1.5.1/stm32cubeide/plugins/com.st.stm32cube.ide.mcu.externaltools.gnu-tools-for-stm32.10.3-2021.10.win32_1.0.100.202210260954/tools/bin/../lib/gcc/arm-none-eabi/10.3.1/../../../../arm-none-eabi/lib/thumb/v6-m/nofp\libc_nano.a
END GROUP
START GROUP
LOAD c:/st/stm32cubeide_1.5.1/stm32cubeide/plugins/com.st.stm32cube.ide.mcu.externaltools.gnu-tools-for-stm32.10.3-2021.10.win32_1.0.100.202210260954/tools/bin/../lib/gcc/arm-none-eabi/10.3.1/thumb/v6-m/nofp\libgcc.a
LOAD c:/st/stm32cubeide_1.5.1/stm32cubeide/plugins/com.st.stm32cube.ide.mcu.externaltools.gnu-tools-for-stm32.10.3-2021.10.win32_1.0.100.202210260954/tools/bin/../lib/gcc/arm-none-eabi/10.3.1/../../../../arm-none-eabi/lib/thumb/v6-m/nofp\libc_nano.a
LOAD c:/st/stm32cubeide_1.5.1/stm32cubeide/plugins/com.st.stm32cube.ide.mcu.externaltools.gnu-tools-for-stm32.10.3-2021.10.win32_1.0.100.202210260954/tools/bin/../lib/gcc/arm-none-eabi/10.3.1/../../../../arm-none-eabi/lib/thumb/v6-m/nofp\libnosys.a
END GROUP
START GROUP
LOAD c:/st/stm32cubeide_1.5.1/stm32cubeide/plugins/com.st.stm32cube.ide.mcu.externaltools.gnu-tools-for-stm32.10.3-2021.10.win32_1.0.100.202210260954/tools/bin/../lib/gcc/arm-none-eabi/10.3.1/thumb/v6-m/nofp\libgcc.a
LOAD c:/st/stm32cubeide_1.5.1/stm32cubeide/plugins/com.st.stm32cube.ide.mcu.externaltools.gnu-tools-for-stm32.10.3-2021.10.win32_1.0.100.202210260954/tools/bin/../lib/gcc/arm-none-eabi/10.3.1/../../../../arm-none-eabi/lib/thumb/v6-m/nofp\libc_nano.a
LOAD c:/st/stm32cubeide_1.5.1/stm32cubeide/plugins/com.st.stm32cube.ide.mcu.externaltools.gnu-tools-for-stm32.10.3-2021.10.win32_1.0.100.202210260954/tools/bin/../lib/gcc/arm-none-eabi/10.3.1/../../../../arm-none-eabi/lib/thumb/v6-m/nofp\libnosys.a
END GROUP
LOAD c:/st/stm32cubeide_1.5.1/stm32cubeide/plugins/com.st.stm32cube.ide.mcu.externaltools.gnu-tools-for-stm32.10.3-2021.10.win32_1.0.100.202210260954/tools/bin/../lib/gcc/arm-none-eabi/10.3.1/thumb/v6-m/nofp/crtend.o
LOAD c:/st/stm32cubeide_1.5.1/stm32cubeide/plugins/com.st.stm32cube.ide.mcu.externaltools.gnu-tools-for-stm32.10.3-2021.10.win32_1.0.100.202210260954/tools/bin/../lib/gcc/arm-none-eabi/10.3.1/thumb/v6-m/nofp/crtn.o
                0x0000000020002000                _estack = (ORIGIN (RAM) + LENGTH (RAM))
                0x0000000000000200                _Min_Heap_Size = 0x200
                0x0000000000000400                _Min_Stack_Size = 0x400

.isr_vector     0x0000000008000000       0xc0
                0x0000000008000000                . = ALIGN (0x4)
 *(.isr_vector)
 .isr_vector    0x0000000008000000       0xc0 ./Core/Startup/startup_stm32f030r8tx.o
                0x0000000008000000                g_pfnVectors
                0x00000000080000c0                . = ALIGN (0x4)

.text           0x00000000080000c0     0x2918
                0x00000000080000c0                . = ALIGN (0x4)
 *(.text)
 .text          0x00000000080000c0       0x48 c:/st/stm32cubeide_1.5.1/stm32cubeide/plugins/com.st.stm32cube.ide.mcu.externaltools.gnu-tools-for-stm32.10.3-2021.10.win32_1.0.100.202210260954/tools/bin/../lib/gcc/arm-none-eabi/10.3.1/thumb/v6-m/nofp/crtbegin.o
 .text          0x0000000008000108      0x114 c:/st/stm32cubeide_1.5.1/stm32cubeide/plugins/com.st.stm32cube.ide.mcu.externaltools.gnu-tools-for-stm32.10.3-2021.10.win32_1.0.100.202210260954/tools/bin/../lib/gcc/arm-none-eabi/10.3.1/thumb/v6-m/nofp\libgcc.a(_udivsi3.o)
                0x0000000008000108                __aeabi_uidiv
                0x0000000008000108                __udivsi3
                0x0000000008000214                __aeabi_uidivmod
 .text          0x000000000800021c      0x1d4 c:/st/stm32cubeide_1.5.1/stm32cubeide/plugins/com.st.stm32cube.ide.mcu.externaltools.gnu-tools-for-stm32.10.3-2021.10.win32_1.0.100.202210260954/tools/bin/../lib/gcc/arm-none-eabi/10.3.1/thumb/v6-m/nofp\libgcc.a(_divsi3.o)
                0x000000000800021c                __divsi3
                0x000000000800021c                __aeabi_idiv
                0x00000000080003e8                __aeabi_idivmod
 .text          0x00000000080003f0        0x4 c:/st/stm32cubeide_1.5.1/stm32cubeide/plugins/com.st.stm32cube.ide.mcu.externaltools.gnu-tools-for-stm32.10.3-2021.10.win32_1.0.100.202210260954/tools/bin/../lib/gcc/arm-none-eabi/10.3.1/thumb/v6-m/nofp\libgcc.a(_dvmd_tls.o)
                0x00000000080003f0                __aeabi_idiv0
                0x00000000080003f0                __aeabi_ldiv0
 *(.text*)
 .text.LL_ADC_SetSamplingTimeCommonChannels
                0x00000000080003f4       0x24 ./Core/Src/adc.o
 .text.LL_ADC_REG_SetSequencerScanDirection
                0x0000000008000418       0x24 ./Core/Src/adc.o
 .text.LL_ADC_REG_SetSequencerChAdd
                0x000000000800043c       0x22 ./Core/Src/adc.o
 *fill*         0x000000000800045e        0x2 
 .text.LL_AHB1_GRP1_EnableClock
                0x0000000008000460       0x2c ./Core/Src/adc.o
 .text.LL_APB1_GRP2_EnableClock
                0x000000000800048c       0x2c ./Core/Src/adc.o
 .text.MX_ADC_Init
                0x00000000080004b8      0x158 ./Core/Src/adc.o
                0x00000000080004b8                MX_ADC_Init
 .text.LL_AHB1_GRP1_EnableClock
                0x0000000008000610       0x2c ./Core/Src/gpio.o
 .text.LL_GPIO_SetOutputPin
                0x000000000800063c       0x18 ./Core/Src/gpio.o
 .text.LL_GPIO_ResetOutputPin
                0x0000000008000654       0x18 ./Core/Src/gpio.o
 .text.MX_GPIO_Init
                0x000000000800066c      0x3c4 ./Core/Src/gpio.o
                0x000000000800066c                MX_GPIO_Init
 .text.LL_I2C_EnableClockStretching
                0x0000000008000a30       0x20 ./Core/Src/i2c.o
 .text.LL_I2C_DisableGeneralCall
                0x0000000008000a50       0x20 ./Core/Src/i2c.o
 .text.LL_I2C_SetOwnAddress2
                0x0000000008000a70       0x2c ./Core/Src/i2c.o
 .text.LL_I2C_DisableOwnAddress2
                0x0000000008000a9c       0x20 ./Core/Src/i2c.o
 .text.LL_I2C_EnableAutoEndMode
                0x0000000008000abc       0x1e ./Core/Src/i2c.o
 *fill*         0x0000000008000ada        0x2 
 .text.LL_AHB1_GRP1_EnableClock
                0x0000000008000adc       0x2c ./Core/Src/i2c.o
 .text.LL_APB1_GRP1_EnableClock
                0x0000000008000b08       0x2c ./Core/Src/i2c.o
 .text.MX_I2C1_Init
                0x0000000008000b34      0x110 ./Core/Src/i2c.o
                0x0000000008000b34                MX_I2C1_Init
 .text.__NVIC_SetPriority
                0x0000000008000c44       0xdc ./Core/Src/main.o
 .text.SysTick_Config
                0x0000000008000d20       0x48 ./Core/Src/main.o
 .text.LL_RCC_HSE_Enable
                0x0000000008000d68       0x1c ./Core/Src/main.o
 .text.LL_RCC_HSE_IsReady
                0x0000000008000d84       0x28 ./Core/Src/main.o
 .text.LL_RCC_HSI_Enable
                0x0000000008000dac       0x1c ./Core/Src/main.o
 .text.LL_RCC_HSI_IsReady
                0x0000000008000dc8       0x20 ./Core/Src/main.o
 .text.LL_RCC_HSI_SetCalibTrimming
                0x0000000008000de8       0x28 ./Core/Src/main.o
 .text.LL_RCC_HSI14_Enable
                0x0000000008000e10       0x1c ./Core/Src/main.o
 .text.LL_RCC_HSI14_IsReady
                0x0000000008000e2c       0x20 ./Core/Src/main.o
 .text.LL_RCC_HSI14_EnableADCControl
                0x0000000008000e4c       0x1c ./Core/Src/main.o
 .text.LL_RCC_HSI14_SetCalibTrimming
                0x0000000008000e68       0x28 ./Core/Src/main.o
 .text.LL_RCC_SetSysClkSource
                0x0000000008000e90       0x28 ./Core/Src/main.o
 .text.LL_RCC_GetSysClkSource
                0x0000000008000eb8       0x18 ./Core/Src/main.o
 .text.LL_RCC_SetAHBPrescaler
                0x0000000008000ed0       0x28 ./Core/Src/main.o
 .text.LL_RCC_SetAPB1Prescaler
                0x0000000008000ef8       0x2c ./Core/Src/main.o
 .text.LL_RCC_SetI2CClockSource
                0x0000000008000f24       0x28 ./Core/Src/main.o
 .text.LL_RCC_PLL_Enable
                0x0000000008000f4c       0x1c ./Core/Src/main.o
 .text.LL_RCC_PLL_IsReady
                0x0000000008000f68       0x28 ./Core/Src/main.o
 .text.LL_RCC_PLL_ConfigDomain_SYS
                0x0000000008000f90       0x4c ./Core/Src/main.o
 .text.LL_APB1_GRP1_EnableClock
                0x0000000008000fdc       0x2c ./Core/Src/main.o
 .text.LL_APB1_GRP2_EnableClock
                0x0000000008001008       0x2c ./Core/Src/main.o
 .text.LL_FLASH_SetLatency
                0x0000000008001034       0x28 ./Core/Src/main.o
 .text.LL_FLASH_GetLatency
                0x000000000800105c       0x18 ./Core/Src/main.o
 .text.LL_SPI_Enable
                0x0000000008001074       0x1c ./Core/Src/main.o
 .text.main     0x0000000008001090       0xf8 ./Core/Src/main.o
                0x0000000008001090                main
 .text.SystemClock_Config
                0x0000000008001188       0xb4 ./Core/Src/main.o
                0x0000000008001188                SystemClock_Config
 .text.LL_GPIO_ResetOutputPin
                0x000000000800123c       0x18 ./Core/Src/menu.o
 .text.menu_get_index
                0x0000000008001254       0x54 ./Core/Src/menu.o
                0x0000000008001254                menu_get_index
 .text.menu_next
                0x00000000080012a8       0x60 ./Core/Src/menu.o
                0x00000000080012a8                menu_next
 .text.menu_prev
                0x0000000008001308       0x48 ./Core/Src/menu.o
                0x0000000008001308                menu_prev
 .text.menu_enter
                0x0000000008001350       0x44 ./Core/Src/menu.o
                0x0000000008001350                menu_enter
 .text.menu_back
                0x0000000008001394       0x3c ./Core/Src/menu.o
                0x0000000008001394                menu_back
 .text.system_esc
                0x00000000080013d0       0x16 ./Core/Src/menu.o
                0x00000000080013d0                system_esc
 *fill*         0x00000000080013e6        0x2 
 .text.menu_refresh
                0x00000000080013e8       0xf4 ./Core/Src/menu.o
                0x00000000080013e8                menu_refresh
 .text.key_next_press
                0x00000000080014dc       0x74 ./Core/Src/menu.o
                0x00000000080014dc                key_next_press
 .text.key_prev_press
                0x0000000008001550       0x74 ./Core/Src/menu.o
                0x0000000008001550                key_prev_press
 .text.key_ok_press
                0x00000000080015c4       0x88 ./Core/Src/menu.o
                0x00000000080015c4                key_ok_press
 .text.key_esc_press
                0x000000000800164c       0x88 ./Core/Src/menu.o
                0x000000000800164c                key_esc_press
 .text.key_stop_press
                0x00000000080016d4       0x88 ./Core/Src/menu.o
                0x00000000080016d4                key_stop_press
 .text.key_start_press
                0x000000000800175c       0x88 ./Core/Src/menu.o
                0x000000000800175c                key_start_press
 .text.LL_SPI_TransmitData8
                0x00000000080017e4       0x24 ./Core/Src/nokia5110_LCD.o
 .text.LCD_send
                0x0000000008001808       0x30 ./Core/Src/nokia5110_LCD.o
                0x0000000008001808                LCD_send
 .text.LCD_write
                0x0000000008001838       0x88 ./Core/Src/nokia5110_LCD.o
                0x0000000008001838                LCD_write
 .text.LCD_init
                0x00000000080018c0       0x68 ./Core/Src/nokia5110_LCD.o
                0x00000000080018c0                LCD_init
 .text.LCD_putChar
                0x0000000008001928       0x7c ./Core/Src/nokia5110_LCD.o
                0x0000000008001928                LCD_putChar
 .text.LCD_putChar_big
                0x00000000080019a4      0x11c ./Core/Src/nokia5110_LCD.o
                0x00000000080019a4                LCD_putChar_big
 .text.LCD_print
                0x0000000008001ac0       0x4a ./Core/Src/nokia5110_LCD.o
                0x0000000008001ac0                LCD_print
 .text.LCD_print_big
                0x0000000008001b0a       0x4a ./Core/Src/nokia5110_LCD.o
                0x0000000008001b0a                LCD_print_big
 .text.LCD_clrScr
                0x0000000008001b54       0x3c ./Core/Src/nokia5110_LCD.o
                0x0000000008001b54                LCD_clrScr
 .text.LCD_goXY
                0x0000000008001b90       0x58 ./Core/Src/nokia5110_LCD.o
                0x0000000008001b90                LCD_goXY
 .text.LCD_refreshScr
                0x0000000008001be8       0x58 ./Core/Src/nokia5110_LCD.o
                0x0000000008001be8                LCD_refreshScr
 .text.__NVIC_EnableIRQ
                0x0000000008001c40       0x34 ./Core/Src/spi.o
 .text.__NVIC_SetPriority
                0x0000000008001c74       0xdc ./Core/Src/spi.o
 .text.LL_AHB1_GRP1_EnableClock
                0x0000000008001d50       0x2c ./Core/Src/spi.o
 .text.LL_APB1_GRP2_EnableClock
                0x0000000008001d7c       0x2c ./Core/Src/spi.o
 .text.LL_SPI_SetStandard
                0x0000000008001da8       0x24 ./Core/Src/spi.o
 .text.LL_SPI_EnableNSSPulseMgt
                0x0000000008001dcc       0x1c ./Core/Src/spi.o
 .text.MX_SPI1_Init
                0x0000000008001de8      0x118 ./Core/Src/spi.o
                0x0000000008001de8                MX_SPI1_Init
 .text.NMI_Handler
                0x0000000008001f00        0x6 ./Core/Src/stm32f0xx_it.o
                0x0000000008001f00                NMI_Handler
 .text.HardFault_Handler
                0x0000000008001f06        0x6 ./Core/Src/stm32f0xx_it.o
                0x0000000008001f06                HardFault_Handler
 .text.SVC_Handler
                0x0000000008001f0c        0xa ./Core/Src/stm32f0xx_it.o
                0x0000000008001f0c                SVC_Handler
 .text.PendSV_Handler
                0x0000000008001f16        0xa ./Core/Src/stm32f0xx_it.o
                0x0000000008001f16                PendSV_Handler
 .text.SysTick_Handler
                0x0000000008001f20       0x18 ./Core/Src/stm32f0xx_it.o
                0x0000000008001f20                SysTick_Handler
 .text.TIM6_IRQHandler
                0x0000000008001f38       0x28 ./Core/Src/stm32f0xx_it.o
                0x0000000008001f38                TIM6_IRQHandler
 .text.SPI1_IRQHandler
                0x0000000008001f60       0x24 ./Core/Src/stm32f0xx_it.o
                0x0000000008001f60                SPI1_IRQHandler
 .text.Delay_ms
                0x0000000008001f84       0x2c ./Core/Src/stm32f0xx_it.o
                0x0000000008001f84                Delay_ms
 .text.SystemInit
                0x0000000008001fb0        0xa ./Core/Src/system_stm32f0xx.o
                0x0000000008001fb0                SystemInit
 *fill*         0x0000000008001fba        0x2 
 .text.__NVIC_EnableIRQ
                0x0000000008001fbc       0x34 ./Core/Src/tim.o
 .text.__NVIC_SetPriority
                0x0000000008001ff0       0xdc ./Core/Src/tim.o
 .text.MX_TIM6_Init
                0x00000000080020cc       0x58 ./Core/Src/tim.o
                0x00000000080020cc                MX_TIM6_Init
 .text.INFO_MODE_refresh
                0x0000000008002124       0x1c ./Core/Src/callbacks/callbacks.o
                0x0000000008002124                INFO_MODE_refresh
 .text.VIR_MODE_refresh
                0x0000000008002140       0x1c ./Core/Src/callbacks/callbacks.o
                0x0000000008002140                VIR_MODE_refresh
 .text.COM_MODE_refresh
                0x000000000800215c       0x1c ./Core/Src/callbacks/callbacks.o
                0x000000000800215c                COM_MODE_refresh
 .text.PAR_MODE_refresh
                0x0000000008002178       0x1c ./Core/Src/callbacks/par_callbacks.o
                0x0000000008002178                PAR_MODE_refresh
 .text.TRAIN_MODE_refresh
                0x0000000008002194       0x1c ./Core/Src/callbacks/train_callbacks.o
                0x0000000008002194                TRAIN_MODE_refresh
 .text.TRAIN2_MODE_refresh
                0x00000000080021b0       0x1c ./Core/Src/callbacks/train_callbacks.o
                0x00000000080021b0                TRAIN2_MODE_refresh
 .text.TRAIN2_MODE_callback
                0x00000000080021cc       0x18 ./Core/Src/callbacks/train_callbacks.o
                0x00000000080021cc                TRAIN2_MODE_callback
 .text.Reset_Handler
                0x00000000080021e4       0x50 ./Core/Startup/startup_stm32f030r8tx.o
                0x00000000080021e4                Reset_Handler
 .text.Default_Handler
                0x0000000008002234        0x2 ./Core/Startup/startup_stm32f030r8tx.o
                0x0000000008002234                TIM1_CC_IRQHandler
                0x0000000008002234                I2C1_IRQHandler
                0x0000000008002234                EXTI2_3_IRQHandler
                0x0000000008002234                ADC1_IRQHandler
                0x0000000008002234                I2C2_IRQHandler
                0x0000000008002234                TIM17_IRQHandler
                0x0000000008002234                RTC_IRQHandler
                0x0000000008002234                TIM16_IRQHandler
                0x0000000008002234                TIM3_IRQHandler
                0x0000000008002234                EXTI4_15_IRQHandler
                0x0000000008002234                RCC_IRQHandler
                0x0000000008002234                DMA1_Channel1_IRQHandler
                0x0000000008002234                Default_Handler
                0x0000000008002234                TIM14_IRQHandler
                0x0000000008002234                DMA1_Channel4_5_IRQHandler
                0x0000000008002234                TIM15_IRQHandler
                0x0000000008002234                EXTI0_1_IRQHandler
                0x0000000008002234                SPI2_IRQHandler
                0x0000000008002234                WWDG_IRQHandler
                0x0000000008002234                DMA1_Channel2_3_IRQHandler
                0x0000000008002234                USART2_IRQHandler
                0x0000000008002234                FLASH_IRQHandler
                0x0000000008002234                USART1_IRQHandler
                0x0000000008002234                TIM1_BRK_UP_TRG_COM_IRQHandler
 .text.LL_ADC_IsEnabled
                0x0000000008002236       0x20 ./Drivers/STM32F0xx_HAL_Driver/Src/stm32f0xx_ll_adc.o
 *fill*         0x0000000008002256        0x2 
 .text.LL_ADC_Init
                0x0000000008002258       0x6c ./Drivers/STM32F0xx_HAL_Driver/Src/stm32f0xx_ll_adc.o
                0x0000000008002258                LL_ADC_Init
 .text.LL_ADC_REG_Init
                0x00000000080022c4       0x64 ./Drivers/STM32F0xx_HAL_Driver/Src/stm32f0xx_ll_adc.o
                0x00000000080022c4                LL_ADC_REG_Init
 .text.LL_GPIO_SetPinMode
                0x0000000008002328       0x38 ./Drivers/STM32F0xx_HAL_Driver/Src/stm32f0xx_ll_gpio.o
 .text.LL_GPIO_SetPinOutputType
                0x0000000008002360       0x2a ./Drivers/STM32F0xx_HAL_Driver/Src/stm32f0xx_ll_gpio.o
 .text.LL_GPIO_SetPinSpeed
                0x000000000800238a       0x38 ./Drivers/STM32F0xx_HAL_Driver/Src/stm32f0xx_ll_gpio.o
 .text.LL_GPIO_SetPinPull
                0x00000000080023c2       0x38 ./Drivers/STM32F0xx_HAL_Driver/Src/stm32f0xx_ll_gpio.o
 .text.LL_GPIO_SetAFPin_0_7
                0x00000000080023fa       0x46 ./Drivers/STM32F0xx_HAL_Driver/Src/stm32f0xx_ll_gpio.o
 .text.LL_GPIO_SetAFPin_8_15
                0x0000000008002440       0x5a ./Drivers/STM32F0xx_HAL_Driver/Src/stm32f0xx_ll_gpio.o
 .text.LL_GPIO_Init
                0x000000000800249a       0xb8 ./Drivers/STM32F0xx_HAL_Driver/Src/stm32f0xx_ll_gpio.o
                0x000000000800249a                LL_GPIO_Init
 .text.LL_I2C_Enable
                0x0000000008002552       0x1c ./Drivers/STM32F0xx_HAL_Driver/Src/stm32f0xx_ll_i2c.o
 .text.LL_I2C_Disable
                0x000000000800256e       0x1e ./Drivers/STM32F0xx_HAL_Driver/Src/stm32f0xx_ll_i2c.o
 .text.LL_I2C_ConfigFilters
                0x000000000800258c       0x30 ./Drivers/STM32F0xx_HAL_Driver/Src/stm32f0xx_ll_i2c.o
 .text.LL_I2C_SetOwnAddress1
                0x00000000080025bc       0x28 ./Drivers/STM32F0xx_HAL_Driver/Src/stm32f0xx_ll_i2c.o
 .text.LL_I2C_EnableOwnAddress1
                0x00000000080025e4       0x1e ./Drivers/STM32F0xx_HAL_Driver/Src/stm32f0xx_ll_i2c.o
 *fill*         0x0000000008002602        0x2 
 .text.LL_I2C_DisableOwnAddress1
                0x0000000008002604       0x20 ./Drivers/STM32F0xx_HAL_Driver/Src/stm32f0xx_ll_i2c.o
 .text.LL_I2C_SetTiming
                0x0000000008002624       0x18 ./Drivers/STM32F0xx_HAL_Driver/Src/stm32f0xx_ll_i2c.o
 .text.LL_I2C_SetMode
                0x000000000800263c       0x28 ./Drivers/STM32F0xx_HAL_Driver/Src/stm32f0xx_ll_i2c.o
 .text.LL_I2C_AcknowledgeNextData
                0x0000000008002664       0x28 ./Drivers/STM32F0xx_HAL_Driver/Src/stm32f0xx_ll_i2c.o
 .text.LL_I2C_Init
                0x000000000800268c       0x86 ./Drivers/STM32F0xx_HAL_Driver/Src/stm32f0xx_ll_i2c.o
                0x000000000800268c                LL_I2C_Init
 .text.LL_SPI_IsEnabled
                0x0000000008002712       0x22 ./Drivers/STM32F0xx_HAL_Driver/Src/stm32f0xx_ll_spi.o
 .text.LL_SPI_SetRxFIFOThreshold
                0x0000000008002734       0x28 ./Drivers/STM32F0xx_HAL_Driver/Src/stm32f0xx_ll_spi.o
 .text.LL_SPI_SetCRCPolynomial
                0x000000000800275c       0x1c ./Drivers/STM32F0xx_HAL_Driver/Src/stm32f0xx_ll_spi.o
 .text.LL_SPI_Init
                0x0000000008002778       0xc8 ./Drivers/STM32F0xx_HAL_Driver/Src/stm32f0xx_ll_spi.o
                0x0000000008002778                LL_SPI_Init
 .text.LL_InitTick
                0x0000000008002840       0x34 ./Drivers/STM32F0xx_HAL_Driver/Src/stm32f0xx_ll_utils.o
 .text.LL_Init1msTick
                0x0000000008002874       0x1e ./Drivers/STM32F0xx_HAL_Driver/Src/stm32f0xx_ll_utils.o
                0x0000000008002874                LL_Init1msTick
 *fill*         0x0000000008002892        0x2 
 .text.LL_SetSystemCoreClock
                0x0000000008002894       0x1c ./Drivers/STM32F0xx_HAL_Driver/Src/stm32f0xx_ll_utils.o
                0x0000000008002894                LL_SetSystemCoreClock
 .text.__libc_init_array
                0x00000000080028b0       0x48 c:/st/stm32cubeide_1.5.1/stm32cubeide/plugins/com.st.stm32cube.ide.mcu.externaltools.gnu-tools-for-stm32.10.3-2021.10.win32_1.0.100.202210260954/tools/bin/../lib/gcc/arm-none-eabi/10.3.1/../../../../arm-none-eabi/lib/thumb/v6-m/nofp\libc_nano.a(lib_a-init.o)
                0x00000000080028b0                __libc_init_array
 .text.__itoa   0x00000000080028f8       0x30 c:/st/stm32cubeide_1.5.1/stm32cubeide/plugins/com.st.stm32cube.ide.mcu.externaltools.gnu-tools-for-stm32.10.3-2021.10.win32_1.0.100.202210260954/tools/bin/../lib/gcc/arm-none-eabi/10.3.1/../../../../arm-none-eabi/lib/thumb/v6-m/nofp\libc_nano.a(lib_a-itoa.o)
                0x00000000080028f8                __itoa
 .text.itoa     0x0000000008002928        0x8 c:/st/stm32cubeide_1.5.1/stm32cubeide/plugins/com.st.stm32cube.ide.mcu.externaltools.gnu-tools-for-stm32.10.3-2021.10.win32_1.0.100.202210260954/tools/bin/../lib/gcc/arm-none-eabi/10.3.1/../../../../arm-none-eabi/lib/thumb/v6-m/nofp\libc_nano.a(lib_a-itoa.o)
                0x0000000008002928                itoa
 .text.memset   0x0000000008002930       0x10 c:/st/stm32cubeide_1.5.1/stm32cubeide/plugins/com.st.stm32cube.ide.mcu.externaltools.gnu-tools-for-stm32.10.3-2021.10.win32_1.0.100.202210260954/tools/bin/../lib/gcc/arm-none-eabi/10.3.1/../../../../arm-none-eabi/lib/thumb/v6-m/nofp\libc_nano.a(lib_a-memset.o)
                0x0000000008002930                memset
 .text.__utoa   0x0000000008002940       0x6c c:/st/stm32cubeide_1.5.1/stm32cubeide/plugins/com.st.stm32cube.ide.mcu.externaltools.gnu-tools-for-stm32.10.3-2021.10.win32_1.0.100.202210260954/tools/bin/../lib/gcc/arm-none-eabi/10.3.1/../../../../arm-none-eabi/lib/thumb/v6-m/nofp\libc_nano.a(lib_a-utoa.o)
                0x0000000008002940                __utoa
 .text.memcpy   0x00000000080029ac       0x12 c:/st/stm32cubeide_1.5.1/stm32cubeide/plugins/com.st.stm32cube.ide.mcu.externaltools.gnu-tools-for-stm32.10.3-2021.10.win32_1.0.100.202210260954/tools/bin/../lib/gcc/arm-none-eabi/10.3.1/../../../../arm-none-eabi/lib/thumb/v6-m/nofp\libc_nano.a(lib_a-memcpy-stub.o)
                0x00000000080029ac                memcpy
 *(.glue_7)
 .glue_7        0x00000000080029be        0x0 linker stubs
 *(.glue_7t)
 .glue_7t       0x00000000080029be        0x0 linker stubs
 *(.eh_frame)
 *fill*         0x00000000080029be        0x2 
 .eh_frame      0x00000000080029c0        0x0 c:/st/stm32cubeide_1.5.1/stm32cubeide/plugins/com.st.stm32cube.ide.mcu.externaltools.gnu-tools-for-stm32.10.3-2021.10.win32_1.0.100.202210260954/tools/bin/../lib/gcc/arm-none-eabi/10.3.1/thumb/v6-m/nofp/crtbegin.o
 *(.init)
 .init          0x00000000080029c0        0x4 c:/st/stm32cubeide_1.5.1/stm32cubeide/plugins/com.st.stm32cube.ide.mcu.externaltools.gnu-tools-for-stm32.10.3-2021.10.win32_1.0.100.202210260954/tools/bin/../lib/gcc/arm-none-eabi/10.3.1/thumb/v6-m/nofp/crti.o
                0x00000000080029c0                _init
 .init          0x00000000080029c4        0x8 c:/st/stm32cubeide_1.5.1/stm32cubeide/plugins/com.st.stm32cube.ide.mcu.externaltools.gnu-tools-for-stm32.10.3-2021.10.win32_1.0.100.202210260954/tools/bin/../lib/gcc/arm-none-eabi/10.3.1/thumb/v6-m/nofp/crtn.o
 *(.fini)
 .fini          0x00000000080029cc        0x4 c:/st/stm32cubeide_1.5.1/stm32cubeide/plugins/com.st.stm32cube.ide.mcu.externaltools.gnu-tools-for-stm32.10.3-2021.10.win32_1.0.100.202210260954/tools/bin/../lib/gcc/arm-none-eabi/10.3.1/thumb/v6-m/nofp/crti.o
                0x00000000080029cc                _fini
 .fini          0x00000000080029d0        0x8 c:/st/stm32cubeide_1.5.1/stm32cubeide/plugins/com.st.stm32cube.ide.mcu.externaltools.gnu-tools-for-stm32.10.3-2021.10.win32_1.0.100.202210260954/tools/bin/../lib/gcc/arm-none-eabi/10.3.1/thumb/v6-m/nofp/crtn.o
                0x00000000080029d8                . = ALIGN (0x4)
                0x00000000080029d8                _etext = .

.vfp11_veneer   0x00000000080029d8        0x0
 .vfp11_veneer  0x00000000080029d8        0x0 linker stubs

.v4_bx          0x00000000080029d8        0x0
 .v4_bx         0x00000000080029d8        0x0 linker stubs

.iplt           0x00000000080029d8        0x0
 .iplt          0x00000000080029d8        0x0 c:/st/stm32cubeide_1.5.1/stm32cubeide/plugins/com.st.stm32cube.ide.mcu.externaltools.gnu-tools-for-stm32.10.3-2021.10.win32_1.0.100.202210260954/tools/bin/../lib/gcc/arm-none-eabi/10.3.1/thumb/v6-m/nofp/crtbegin.o

.rodata         0x00000000080029d8      0x78c
                0x00000000080029d8                . = ALIGN (0x4)
 *(.rodata)
 .rodata        0x00000000080029d8        0xa ./Core/Src/main.o
 *fill*         0x00000000080029e2        0x2 
 .rodata        0x00000000080029e4       0x2e ./Core/Src/menu.o
 *fill*         0x0000000008002a12        0x2 
 .rodata        0x0000000008002a14       0x10 ./Core/Src/callbacks/callbacks.o
 .rodata        0x0000000008002a24        0x4 ./Core/Src/callbacks/par_callbacks.o
 .rodata        0x0000000008002a28        0xf ./Core/Src/callbacks/train_callbacks.o
 *(.rodata*)
 *fill*         0x0000000008002a37        0x1 
 .rodata.FontTiny
                0x0000000008002a38      0x17c ./Core/Src/nokia5110_LCD.o
 .rodata.FontLarge
                0x0000000008002bb4      0x588 ./Core/Src/nokia5110_LCD.o
 .rodata.__utoa.str1.1
                0x000000000800313c       0x25 c:/st/stm32cubeide_1.5.1/stm32cubeide/plugins/com.st.stm32cube.ide.mcu.externaltools.gnu-tools-for-stm32.10.3-2021.10.win32_1.0.100.202210260954/tools/bin/../lib/gcc/arm-none-eabi/10.3.1/../../../../arm-none-eabi/lib/thumb/v6-m/nofp\libc_nano.a(lib_a-utoa.o)
                0x0000000008003164                . = ALIGN (0x4)
 *fill*         0x0000000008003161        0x3 

.rel.dyn        0x0000000008003164        0x0
 .rel.iplt      0x0000000008003164        0x0 c:/st/stm32cubeide_1.5.1/stm32cubeide/plugins/com.st.stm32cube.ide.mcu.externaltools.gnu-tools-for-stm32.10.3-2021.10.win32_1.0.100.202210260954/tools/bin/../lib/gcc/arm-none-eabi/10.3.1/thumb/v6-m/nofp/crtbegin.o

.ARM.extab      0x0000000008003164        0x0
                0x0000000008003164                . = ALIGN (0x4)
 *(.ARM.extab* .gnu.linkonce.armextab.*)
                0x0000000008003164                . = ALIGN (0x4)

.ARM            0x0000000008003164        0x0
                0x0000000008003164                . = ALIGN (0x4)
                0x0000000008003164                __exidx_start = .
 *(.ARM.exidx*)
                0x0000000008003164                __exidx_end = .
                0x0000000008003164                . = ALIGN (0x4)

.preinit_array  0x0000000008003164        0x0
                0x0000000008003164                . = ALIGN (0x4)
                0x0000000008003164                PROVIDE (__preinit_array_start = .)
 *(.preinit_array*)
                0x0000000008003164                PROVIDE (__preinit_array_end = .)
                0x0000000008003164                . = ALIGN (0x4)

.init_array     0x0000000008003164        0x4
                0x0000000008003164                . = ALIGN (0x4)
                0x0000000008003164                PROVIDE (__init_array_start = .)
 *(SORT_BY_NAME(.init_array.*))
 *(.init_array*)
 .init_array    0x0000000008003164        0x4 c:/st/stm32cubeide_1.5.1/stm32cubeide/plugins/com.st.stm32cube.ide.mcu.externaltools.gnu-tools-for-stm32.10.3-2021.10.win32_1.0.100.202210260954/tools/bin/../lib/gcc/arm-none-eabi/10.3.1/thumb/v6-m/nofp/crtbegin.o
                0x0000000008003168                PROVIDE (__init_array_end = .)
                0x0000000008003168                . = ALIGN (0x4)

.fini_array     0x0000000008003168        0x4
                0x0000000008003168                . = ALIGN (0x4)
                [!provide]                        PROVIDE (__fini_array_start = .)
 *(SORT_BY_NAME(.fini_array.*))
 *(.fini_array*)
 .fini_array    0x0000000008003168        0x4 c:/st/stm32cubeide_1.5.1/stm32cubeide/plugins/com.st.stm32cube.ide.mcu.externaltools.gnu-tools-for-stm32.10.3-2021.10.win32_1.0.100.202210260954/tools/bin/../lib/gcc/arm-none-eabi/10.3.1/thumb/v6-m/nofp/crtbegin.o
                [!provide]                        PROVIDE (__fini_array_end = .)
                0x000000000800316c                . = ALIGN (0x4)
                0x000000000800316c                _sidata = LOADADDR (.data)

.data           0x0000000020000000       0xcc load address 0x000000000800316c
                0x0000000020000000                . = ALIGN (0x4)
                0x0000000020000000                _sdata = .
 *(.data)
 *(.data*)
 .data.par      0x0000000020000000       0x1c ./Core/Src/menu.o
                0x0000000020000000                par
 .data.comstock
                0x000000002000001c       0x1c ./Core/Src/menu.o
                0x000000002000001c                comstock
 .data.virginia
                0x0000000020000038       0x1c ./Core/Src/menu.o
                0x0000000020000038                virginia
 .data.info     0x0000000020000054       0x1c ./Core/Src/menu.o
                0x0000000020000054                info
 .data.train    0x0000000020000070       0x1c ./Core/Src/menu.o
                0x0000000020000070                train
 .data.train1_2
                0x000000002000008c       0x1c ./Core/Src/menu.o
                0x000000002000008c                train1_2
 .data.next_func
                0x00000000200000a8        0x4 ./Core/Src/menu.o
                0x00000000200000a8                next_func
 .data.prev_func
                0x00000000200000ac        0x4 ./Core/Src/menu.o
                0x00000000200000ac                prev_func
 .data.enterlong_func
                0x00000000200000b0        0x4 ./Core/Src/menu.o
                0x00000000200000b0                enterlong_func
 .data.enter_func
                0x00000000200000b4        0x4 ./Core/Src/menu.o
                0x00000000200000b4                enter_func
 .data.back_func
                0x00000000200000b8        0x4 ./Core/Src/menu.o
                0x00000000200000b8                back_func
 .data.stop_func
                0x00000000200000bc        0x4 ./Core/Src/menu.o
                0x00000000200000bc                stop_func
 .data.start_func
                0x00000000200000c0        0x4 ./Core/Src/menu.o
                0x00000000200000c0                start_func
 .data.currentPointer
                0x00000000200000c4        0x4 ./Core/Src/menu.o
                0x00000000200000c4                currentPointer
 .data.SystemCoreClock
                0x00000000200000c8        0x4 ./Core/Src/system_stm32f0xx.o
                0x00000000200000c8                SystemCoreClock
 *(.RamFunc)
 *(.RamFunc*)
                0x00000000200000cc                . = ALIGN (0x4)
                0x00000000200000cc                _edata = .

.igot.plt       0x00000000200000cc        0x0 load address 0x0000000008003238
 .igot.plt      0x00000000200000cc        0x0 c:/st/stm32cubeide_1.5.1/stm32cubeide/plugins/com.st.stm32cube.ide.mcu.externaltools.gnu-tools-for-stm32.10.3-2021.10.win32_1.0.100.202210260954/tools/bin/../lib/gcc/arm-none-eabi/10.3.1/thumb/v6-m/nofp/crtbegin.o
                0x00000000200000cc                . = ALIGN (0x4)

.bss            0x00000000200000cc      0x22c load address 0x0000000008003238
                0x00000000200000cc                _sbss = .
                0x00000000200000cc                __bss_start__ = _sbss
 *(.bss)
 .bss           0x00000000200000cc       0x1c c:/st/stm32cubeide_1.5.1/stm32cubeide/plugins/com.st.stm32cube.ide.mcu.externaltools.gnu-tools-for-stm32.10.3-2021.10.win32_1.0.100.202210260954/tools/bin/../lib/gcc/arm-none-eabi/10.3.1/thumb/v6-m/nofp/crtbegin.o
 *(.bss*)
 .bss.prevlong_func
                0x00000000200000e8        0x4 ./Core/Src/menu.o
                0x00000000200000e8                prevlong_func
 .bss.nextlong_func
                0x00000000200000ec        0x4 ./Core/Src/menu.o
                0x00000000200000ec                nextlong_func
 .bss.backshort_func
                0x00000000200000f0        0x4 ./Core/Src/menu.o
                0x00000000200000f0                backshort_func
 .bss.menu_index
                0x00000000200000f4        0x1 ./Core/Src/menu.o
                0x00000000200000f4                menu_index
 *fill*         0x00000000200000f5        0x3 
 .bss.lcd       0x00000000200000f8      0x1f9 ./Core/Src/nokia5110_LCD.o
                0x00000000200000f8                lcd
 .bss._Block    0x00000000200002f1        0x1 ./Core/Src/nokia5110_LCD.o
                0x00000000200002f1                _Block
 .bss._Col      0x00000000200002f2        0x1 ./Core/Src/nokia5110_LCD.o
                0x00000000200002f2                _Col
 *fill*         0x00000000200002f3        0x1 
 .bss.msTicks   0x00000000200002f4        0x4 ./Core/Src/stm32f0xx_it.o
                0x00000000200002f4                msTicks
 *(COMMON)
                0x00000000200002f8                . = ALIGN (0x4)
                0x00000000200002f8                _ebss = .
                0x00000000200002f8                __bss_end__ = _ebss

._user_heap_stack
                0x00000000200002f8      0x600 load address 0x0000000008003238
                0x00000000200002f8                . = ALIGN (0x8)
                [!provide]                        PROVIDE (end = .)
                0x00000000200002f8                PROVIDE (_end = .)
                0x00000000200004f8                . = (. + _Min_Heap_Size)
 *fill*         0x00000000200002f8      0x200 
                0x00000000200008f8                . = (. + _Min_Stack_Size)
 *fill*         0x00000000200004f8      0x400 
                0x00000000200008f8                . = ALIGN (0x8)

/DISCARD/
 libc.a(*)
 libm.a(*)
 libgcc.a(*)

.ARM.attributes
                0x0000000000000000       0x28
 *(.ARM.attributes)
 .ARM.attributes
                0x0000000000000000       0x1e c:/st/stm32cubeide_1.5.1/stm32cubeide/plugins/com.st.stm32cube.ide.mcu.externaltools.gnu-tools-for-stm32.10.3-2021.10.win32_1.0.100.202210260954/tools/bin/../lib/gcc/arm-none-eabi/10.3.1/thumb/v6-m/nofp/crti.o
 .ARM.attributes
                0x000000000000001e       0x2c c:/st/stm32cubeide_1.5.1/stm32cubeide/plugins/com.st.stm32cube.ide.mcu.externaltools.gnu-tools-for-stm32.10.3-2021.10.win32_1.0.100.202210260954/tools/bin/../lib/gcc/arm-none-eabi/10.3.1/thumb/v6-m/nofp/crtbegin.o
 .ARM.attributes
                0x000000000000004a       0x2c ./Core/Src/adc.o
 .ARM.attributes
                0x0000000000000076       0x2c ./Core/Src/gpio.o
 .ARM.attributes
                0x00000000000000a2       0x2c ./Core/Src/i2c.o
 .ARM.attributes
                0x00000000000000ce       0x2c ./Core/Src/main.o
 .ARM.attributes
                0x00000000000000fa       0x2c ./Core/Src/menu.o
 .ARM.attributes
                0x0000000000000126       0x2c ./Core/Src/nokia5110_LCD.o
 .ARM.attributes
                0x0000000000000152       0x2c ./Core/Src/spi.o
 .ARM.attributes
                0x000000000000017e       0x2c ./Core/Src/stm32f0xx_it.o
 .ARM.attributes
                0x00000000000001aa       0x2c ./Core/Src/system_stm32f0xx.o
 .ARM.attributes
                0x00000000000001d6       0x2c ./Core/Src/tim.o
 .ARM.attributes
                0x0000000000000202       0x2c ./Core/Src/callbacks/callbacks.o
 .ARM.attributes
                0x000000000000022e       0x2c ./Core/Src/callbacks/par_callbacks.o
 .ARM.attributes
                0x000000000000025a       0x2c ./Core/Src/callbacks/train_callbacks.o
 .ARM.attributes
                0x0000000000000286       0x21 ./Core/Startup/startup_stm32f030r8tx.o
 .ARM.attributes
                0x00000000000002a7       0x2c ./Drivers/STM32F0xx_HAL_Driver/Src/stm32f0xx_ll_adc.o
 .ARM.attributes
                0x00000000000002d3       0x2c ./Drivers/STM32F0xx_HAL_Driver/Src/stm32f0xx_ll_gpio.o
 .ARM.attributes
                0x00000000000002ff       0x2c ./Drivers/STM32F0xx_HAL_Driver/Src/stm32f0xx_ll_i2c.o
 .ARM.attributes
                0x000000000000032b       0x2c ./Drivers/STM32F0xx_HAL_Driver/Src/stm32f0xx_ll_spi.o
 .ARM.attributes
                0x0000000000000357       0x2c ./Drivers/STM32F0xx_HAL_Driver/Src/stm32f0xx_ll_utils.o
 .ARM.attributes
                0x0000000000000383       0x2c c:/st/stm32cubeide_1.5.1/stm32cubeide/plugins/com.st.stm32cube.ide.mcu.externaltools.gnu-tools-for-stm32.10.3-2021.10.win32_1.0.100.202210260954/tools/bin/../lib/gcc/arm-none-eabi/10.3.1/../../../../arm-none-eabi/lib/thumb/v6-m/nofp\libc_nano.a(lib_a-init.o)
 .ARM.attributes
                0x00000000000003af       0x2c c:/st/stm32cubeide_1.5.1/stm32cubeide/plugins/com.st.stm32cube.ide.mcu.externaltools.gnu-tools-for-stm32.10.3-2021.10.win32_1.0.100.202210260954/tools/bin/../lib/gcc/arm-none-eabi/10.3.1/../../../../arm-none-eabi/lib/thumb/v6-m/nofp\libc_nano.a(lib_a-itoa.o)
 .ARM.attributes
                0x00000000000003db       0x2c c:/st/stm32cubeide_1.5.1/stm32cubeide/plugins/com.st.stm32cube.ide.mcu.externaltools.gnu-tools-for-stm32.10.3-2021.10.win32_1.0.100.202210260954/tools/bin/../lib/gcc/arm-none-eabi/10.3.1/../../../../arm-none-eabi/lib/thumb/v6-m/nofp\libc_nano.a(lib_a-memset.o)
 .ARM.attributes
                0x0000000000000407       0x2c c:/st/stm32cubeide_1.5.1/stm32cubeide/plugins/com.st.stm32cube.ide.mcu.externaltools.gnu-tools-for-stm32.10.3-2021.10.win32_1.0.100.202210260954/tools/bin/../lib/gcc/arm-none-eabi/10.3.1/../../../../arm-none-eabi/lib/thumb/v6-m/nofp\libc_nano.a(lib_a-utoa.o)
 .ARM.attributes
                0x0000000000000433       0x2c c:/st/stm32cubeide_1.5.1/stm32cubeide/plugins/com.st.stm32cube.ide.mcu.externaltools.gnu-tools-for-stm32.10.3-2021.10.win32_1.0.100.202210260954/tools/bin/../lib/gcc/arm-none-eabi/10.3.1/../../../../arm-none-eabi/lib/thumb/v6-m/nofp\libc_nano.a(lib_a-memcpy-stub.o)
 .ARM.attributes
                0x000000000000045f       0x1e c:/st/stm32cubeide_1.5.1/stm32cubeide/plugins/com.st.stm32cube.ide.mcu.externaltools.gnu-tools-for-stm32.10.3-2021.10.win32_1.0.100.202210260954/tools/bin/../lib/gcc/arm-none-eabi/10.3.1/thumb/v6-m/nofp\libgcc.a(_udivsi3.o)
 .ARM.attributes
                0x000000000000047d       0x1e c:/st/stm32cubeide_1.5.1/stm32cubeide/plugins/com.st.stm32cube.ide.mcu.externaltools.gnu-tools-for-stm32.10.3-2021.10.win32_1.0.100.202210260954/tools/bin/../lib/gcc/arm-none-eabi/10.3.1/thumb/v6-m/nofp\libgcc.a(_divsi3.o)
 .ARM.attributes
                0x000000000000049b       0x1e c:/st/stm32cubeide_1.5.1/stm32cubeide/plugins/com.st.stm32cube.ide.mcu.externaltools.gnu-tools-for-stm32.10.3-2021.10.win32_1.0.100.202210260954/tools/bin/../lib/gcc/arm-none-eabi/10.3.1/thumb/v6-m/nofp\libgcc.a(_dvmd_tls.o)
 .ARM.attributes
                0x00000000000004b9       0x1e c:/st/stm32cubeide_1.5.1/stm32cubeide/plugins/com.st.stm32cube.ide.mcu.externaltools.gnu-tools-for-stm32.10.3-2021.10.win32_1.0.100.202210260954/tools/bin/../lib/gcc/arm-none-eabi/10.3.1/thumb/v6-m/nofp/crtn.o
OUTPUT(IPSC_TAJMER.elf elf32-littlearm)
LOAD linker stubs
LOAD c:/st/stm32cubeide_1.5.1/stm32cubeide/plugins/com.st.stm32cube.ide.mcu.externaltools.gnu-tools-for-stm32.10.3-2021.10.win32_1.0.100.202210260954/tools/bin/../lib/gcc/arm-none-eabi/10.3.1/../../../../arm-none-eabi/lib/thumb/v6-m/nofp\libc.a
LOAD c:/st/stm32cubeide_1.5.1/stm32cubeide/plugins/com.st.stm32cube.ide.mcu.externaltools.gnu-tools-for-stm32.10.3-2021.10.win32_1.0.100.202210260954/tools/bin/../lib/gcc/arm-none-eabi/10.3.1/../../../../arm-none-eabi/lib/thumb/v6-m/nofp\libm.a
LOAD c:/st/stm32cubeide_1.5.1/stm32cubeide/plugins/com.st.stm32cube.ide.mcu.externaltools.gnu-tools-for-stm32.10.3-2021.10.win32_1.0.100.202210260954/tools/bin/../lib/gcc/arm-none-eabi/10.3.1/thumb/v6-m/nofp\libgcc.a

.debug_info     0x0000000000000000     0x6fc0
 .debug_info    0x0000000000000000      0x748 ./Core/Src/adc.o
 .debug_info    0x0000000000000748      0x4fb ./Core/Src/gpio.o
 .debug_info    0x0000000000000c43      0x706 ./Core/Src/i2c.o
 .debug_info    0x0000000000001349      0xd2f ./Core/Src/main.o
 .debug_info    0x0000000000002078      0x936 ./Core/Src/menu.o
 .debug_info    0x00000000000029ae      0x981 ./Core/Src/nokia5110_LCD.o
 .debug_info    0x000000000000332f      0x94f ./Core/Src/spi.o
 .debug_info    0x0000000000003c7e      0x4a4 ./Core/Src/stm32f0xx_it.o
 .debug_info    0x0000000000004122      0x262 ./Core/Src/system_stm32f0xx.o
 .debug_info    0x0000000000004384      0x709 ./Core/Src/tim.o
 .debug_info    0x0000000000004a8d      0x27f ./Core/Src/callbacks/callbacks.o
 .debug_info    0x0000000000004d0c      0x27c ./Core/Src/callbacks/par_callbacks.o
 .debug_info    0x0000000000004f88      0x2c7 ./Core/Src/callbacks/train_callbacks.o
 .debug_info    0x000000000000524f       0x22 ./Core/Startup/startup_stm32f030r8tx.o
 .debug_info    0x0000000000005271      0x61c ./Drivers/STM32F0xx_HAL_Driver/Src/stm32f0xx_ll_adc.o
 .debug_info    0x000000000000588d      0x55e ./Drivers/STM32F0xx_HAL_Driver/Src/stm32f0xx_ll_gpio.o
 .debug_info    0x0000000000005deb      0x57a ./Drivers/STM32F0xx_HAL_Driver/Src/stm32f0xx_ll_i2c.o
 .debug_info    0x0000000000006365      0x4b0 ./Drivers/STM32F0xx_HAL_Driver/Src/stm32f0xx_ll_spi.o
 .debug_info    0x0000000000006815      0x7ab ./Drivers/STM32F0xx_HAL_Driver/Src/stm32f0xx_ll_utils.o

.debug_abbrev   0x0000000000000000     0x1d9a
 .debug_abbrev  0x0000000000000000      0x1bc ./Core/Src/adc.o
 .debug_abbrev  0x00000000000001bc      0x191 ./Core/Src/gpio.o
 .debug_abbrev  0x000000000000034d      0x1bc ./Core/Src/i2c.o
 .debug_abbrev  0x0000000000000509      0x2c6 ./Core/Src/main.o
 .debug_abbrev  0x00000000000007cf      0x23a ./Core/Src/menu.o
 .debug_abbrev  0x0000000000000a09      0x288 ./Core/Src/nokia5110_LCD.o
 .debug_abbrev  0x0000000000000c91      0x1f6 ./Core/Src/spi.o
 .debug_abbrev  0x0000000000000e87      0x153 ./Core/Src/stm32f0xx_it.o
 .debug_abbrev  0x0000000000000fda      0x116 ./Core/Src/system_stm32f0xx.o
 .debug_abbrev  0x00000000000010f0      0x160 ./Core/Src/tim.o
 .debug_abbrev  0x0000000000001250       0xec ./Core/Src/callbacks/callbacks.o
 .debug_abbrev  0x000000000000133c       0xbf ./Core/Src/callbacks/par_callbacks.o
 .debug_abbrev  0x00000000000013fb       0xec ./Core/Src/callbacks/train_callbacks.o
 .debug_abbrev  0x00000000000014e7       0x12 ./Core/Startup/startup_stm32f030r8tx.o
 .debug_abbrev  0x00000000000014f9      0x1d5 ./Drivers/STM32F0xx_HAL_Driver/Src/stm32f0xx_ll_adc.o
 .debug_abbrev  0x00000000000016ce      0x19b ./Drivers/STM32F0xx_HAL_Driver/Src/stm32f0xx_ll_gpio.o
 .debug_abbrev  0x0000000000001869      0x167 ./Drivers/STM32F0xx_HAL_Driver/Src/stm32f0xx_ll_i2c.o
 .debug_abbrev  0x00000000000019d0      0x17a ./Drivers/STM32F0xx_HAL_Driver/Src/stm32f0xx_ll_spi.o
 .debug_abbrev  0x0000000000001b4a      0x250 ./Drivers/STM32F0xx_HAL_Driver/Src/stm32f0xx_ll_utils.o

.debug_aranges  0x0000000000000000      0x808
 .debug_aranges
                0x0000000000000000       0x48 ./Core/Src/adc.o
 .debug_aranges
                0x0000000000000048       0x38 ./Core/Src/gpio.o
 .debug_aranges
                0x0000000000000080       0x58 ./Core/Src/i2c.o
 .debug_aranges
                0x00000000000000d8       0xf8 ./Core/Src/main.o
 .debug_aranges
                0x00000000000001d0       0x88 ./Core/Src/menu.o
 .debug_aranges
                0x0000000000000258       0xb8 ./Core/Src/nokia5110_LCD.o
 .debug_aranges
                0x0000000000000310       0x50 ./Core/Src/spi.o
 .debug_aranges
                0x0000000000000360       0x60 ./Core/Src/stm32f0xx_it.o
 .debug_aranges
                0x00000000000003c0       0x28 ./Core/Src/system_stm32f0xx.o
 .debug_aranges
                0x00000000000003e8       0x30 ./Core/Src/tim.o
 .debug_aranges
                0x0000000000000418       0x40 ./Core/Src/callbacks/callbacks.o
 .debug_aranges
                0x0000000000000458       0x50 ./Core/Src/callbacks/par_callbacks.o
 .debug_aranges
                0x00000000000004a8       0x60 ./Core/Src/callbacks/train_callbacks.o
 .debug_aranges
                0x0000000000000508       0x28 ./Core/Startup/startup_stm32f030r8tx.o
 .debug_aranges
                0x0000000000000530       0x90 ./Drivers/STM32F0xx_HAL_Driver/Src/stm32f0xx_ll_adc.o
 .debug_aranges
                0x00000000000005c0       0x70 ./Drivers/STM32F0xx_HAL_Driver/Src/stm32f0xx_ll_gpio.o
 .debug_aranges
                0x0000000000000630       0x88 ./Drivers/STM32F0xx_HAL_Driver/Src/stm32f0xx_ll_i2c.o
 .debug_aranges
                0x00000000000006b8       0x68 ./Drivers/STM32F0xx_HAL_Driver/Src/stm32f0xx_ll_spi.o
 .debug_aranges
                0x0000000000000720       0xe8 ./Drivers/STM32F0xx_HAL_Driver/Src/stm32f0xx_ll_utils.o

.debug_ranges   0x0000000000000000      0x788
 .debug_ranges  0x0000000000000000       0x38 ./Core/Src/adc.o
 .debug_ranges  0x0000000000000038       0x28 ./Core/Src/gpio.o
 .debug_ranges  0x0000000000000060       0x48 ./Core/Src/i2c.o
 .debug_ranges  0x00000000000000a8       0xe8 ./Core/Src/main.o
 .debug_ranges  0x0000000000000190      0x108 ./Core/Src/menu.o
 .debug_ranges  0x0000000000000298       0xc0 ./Core/Src/nokia5110_LCD.o
 .debug_ranges  0x0000000000000358       0x40 ./Core/Src/spi.o
 .debug_ranges  0x0000000000000398       0x50 ./Core/Src/stm32f0xx_it.o
 .debug_ranges  0x00000000000003e8       0x18 ./Core/Src/system_stm32f0xx.o
 .debug_ranges  0x0000000000000400       0x20 ./Core/Src/tim.o
 .debug_ranges  0x0000000000000420       0x30 ./Core/Src/callbacks/callbacks.o
 .debug_ranges  0x0000000000000450       0x40 ./Core/Src/callbacks/par_callbacks.o
 .debug_ranges  0x0000000000000490       0x50 ./Core/Src/callbacks/train_callbacks.o
 .debug_ranges  0x00000000000004e0       0x20 ./Core/Startup/startup_stm32f030r8tx.o
 .debug_ranges  0x0000000000000500       0x80 ./Drivers/STM32F0xx_HAL_Driver/Src/stm32f0xx_ll_adc.o
 .debug_ranges  0x0000000000000580       0x60 ./Drivers/STM32F0xx_HAL_Driver/Src/stm32f0xx_ll_gpio.o
 .debug_ranges  0x00000000000005e0       0x78 ./Drivers/STM32F0xx_HAL_Driver/Src/stm32f0xx_ll_i2c.o
 .debug_ranges  0x0000000000000658       0x58 ./Drivers/STM32F0xx_HAL_Driver/Src/stm32f0xx_ll_spi.o
 .debug_ranges  0x00000000000006b0       0xd8 ./Drivers/STM32F0xx_HAL_Driver/Src/stm32f0xx_ll_utils.o

.debug_macro    0x0000000000000000     0x34c4
 .debug_macro   0x0000000000000000      0x373 ./Core/Src/adc.o
 .debug_macro   0x0000000000000373      0x373 ./Core/Src/gpio.o
 .debug_macro   0x00000000000006e6      0x373 ./Core/Src/i2c.o
 .debug_macro   0x0000000000000a59      0x389 ./Core/Src/main.o
 .debug_macro   0x0000000000000de2      0x36f ./Core/Src/menu.o
 .debug_macro   0x0000000000001151      0x373 ./Core/Src/nokia5110_LCD.o
 .debug_macro   0x00000000000014c4      0x373 ./Core/Src/spi.o
 .debug_macro   0x0000000000001837      0x373 ./Core/Src/stm32f0xx_it.o
 .debug_macro   0x0000000000001baa       0xc0 ./Core/Src/system_stm32f0xx.o
 .debug_macro   0x0000000000001c6a      0x379 ./Core/Src/tim.o
 .debug_macro   0x0000000000001fe3      0x36f ./Core/Src/callbacks/callbacks.o
 .debug_macro   0x0000000000002352      0x36f ./Core/Src/callbacks/par_callbacks.o
 .debug_macro   0x00000000000026c1      0x36f ./Core/Src/callbacks/train_callbacks.o
 .debug_macro   0x0000000000002a30      0x122 ./Drivers/STM32F0xx_HAL_Driver/Src/stm32f0xx_ll_adc.o
 .debug_macro   0x0000000000002b52       0xfc ./Drivers/STM32F0xx_HAL_Driver/Src/stm32f0xx_ll_gpio.o
 .debug_macro   0x0000000000002c4e      0x119 ./Drivers/STM32F0xx_HAL_Driver/Src/stm32f0xx_ll_gpio.o
 .debug_macro   0x0000000000002d67       0xfc ./Drivers/STM32F0xx_HAL_Driver/Src/stm32f0xx_ll_i2c.o
 .debug_macro   0x0000000000002e63      0x248 ./Drivers/STM32F0xx_HAL_Driver/Src/stm32f0xx_ll_i2c.o
 .debug_macro   0x00000000000030ab      0x123 ./Drivers/STM32F0xx_HAL_Driver/Src/stm32f0xx_ll_spi.o
 .debug_macro   0x00000000000031ce      0x1cd ./Drivers/STM32F0xx_HAL_Driver/Src/stm32f0xx_ll_spi.o
 .debug_macro   0x000000000000339b      0x129 ./Drivers/STM32F0xx_HAL_Driver/Src/stm32f0xx_ll_utils.o

.debug_line     0x0000000000000000     0xa48b
 .debug_line    0x0000000000000000      0x972 ./Core/Src/adc.o
 .debug_line    0x0000000000000972      0xa1b ./Core/Src/gpio.o
 .debug_line    0x000000000000138d      0x9a1 ./Core/Src/i2c.o
 .debug_line    0x0000000000001d2e      0xd72 ./Core/Src/main.o
 .debug_line    0x0000000000002aa0      0xc0f ./Core/Src/menu.o
 .debug_line    0x00000000000036af      0xe74 ./Core/Src/nokia5110_LCD.o
 .debug_line    0x0000000000004523      0x9fc ./Core/Src/spi.o
 .debug_line    0x0000000000004f1f      0x97f ./Core/Src/stm32f0xx_it.o
 .debug_line    0x000000000000589e      0x4c8 ./Core/Src/system_stm32f0xx.o
 .debug_line    0x0000000000005d66      0x94f ./Core/Src/tim.o
 .debug_line    0x00000000000066b5      0x901 ./Core/Src/callbacks/callbacks.o
 .debug_line    0x0000000000006fb6      0x921 ./Core/Src/callbacks/par_callbacks.o
 .debug_line    0x00000000000078d7      0x952 ./Core/Src/callbacks/train_callbacks.o
 .debug_line    0x0000000000008229       0x89 ./Core/Startup/startup_stm32f030r8tx.o
 .debug_line    0x00000000000082b2      0x6bb ./Drivers/STM32F0xx_HAL_Driver/Src/stm32f0xx_ll_adc.o
 .debug_line    0x000000000000896d      0x638 ./Drivers/STM32F0xx_HAL_Driver/Src/stm32f0xx_ll_gpio.o
 .debug_line    0x0000000000008fa5      0x62a ./Drivers/STM32F0xx_HAL_Driver/Src/stm32f0xx_ll_i2c.o
 .debug_line    0x00000000000095cf      0x60f ./Drivers/STM32F0xx_HAL_Driver/Src/stm32f0xx_ll_spi.o
 .debug_line    0x0000000000009bde      0x8ad ./Drivers/STM32F0xx_HAL_Driver/Src/stm32f0xx_ll_utils.o

.debug_str      0x0000000000000000    0x415fa
 .debug_str     0x0000000000000000    0x3df9c ./Core/Src/adc.o
                                      0x3e1eb (size before relaxing)
 .debug_str     0x000000000003df9c       0x5a ./Core/Src/gpio.o
                                      0x3e063 (size before relaxing)
 .debug_str     0x000000000003dff6      0x173 ./Core/Src/i2c.o
                                      0x3e19b (size before relaxing)
 .debug_str     0x000000000003e169      0x55e ./Core/Src/main.o
                                      0x3e629 (size before relaxing)
 .debug_str     0x000000000003e6c7      0x206 ./Core/Src/menu.o
                                      0x3e29f (size before relaxing)
 .debug_str     0x000000000003e8cd      0x179 ./Core/Src/nokia5110_LCD.o
                                      0x3e0f0 (size before relaxing)
 .debug_str     0x000000000003ea46       0xca ./Core/Src/spi.o
                                      0x3e377 (size before relaxing)
 .debug_str     0x000000000003eb10       0xd3 ./Core/Src/stm32f0xx_it.o
                                      0x3e016 (size before relaxing)
 .debug_str     0x000000000003ebe3       0x9c ./Core/Src/system_stm32f0xx.o
                                      0x2c57e (size before relaxing)
 .debug_str     0x000000000003ec7f       0x12 ./Core/Src/tim.o
                                      0x3e1f6 (size before relaxing)
 .debug_str     0x000000000003ec91       0x52 ./Core/Src/callbacks/callbacks.o
                                      0x3df84 (size before relaxing)
 .debug_str     0x000000000003ece3       0x71 ./Core/Src/callbacks/par_callbacks.o
                                      0x3df76 (size before relaxing)
 .debug_str     0x000000000003ed54       0x8d ./Core/Src/callbacks/train_callbacks.o
                                      0x3dfd1 (size before relaxing)
 .debug_str     0x000000000003ede1       0x36 ./Core/Startup/startup_stm32f030r8tx.o
                                         0x4e (size before relaxing)
 .debug_str     0x000000000003ee17      0xa14 ./Drivers/STM32F0xx_HAL_Driver/Src/stm32f0xx_ll_adc.o
                                      0x3140a (size before relaxing)
 .debug_str     0x000000000003f82b      0x503 ./Drivers/STM32F0xx_HAL_Driver/Src/stm32f0xx_ll_gpio.o
                                      0x2d6e3 (size before relaxing)
 .debug_str     0x000000000003fd2e      0x3ef ./Drivers/STM32F0xx_HAL_Driver/Src/stm32f0xx_ll_i2c.o
                                      0x2dec4 (size before relaxing)
 .debug_str     0x000000000004011d      0x933 ./Drivers/STM32F0xx_HAL_Driver/Src/stm32f0xx_ll_spi.o
                                      0x2fab1 (size before relaxing)
 .debug_str     0x0000000000040a50      0xbaa ./Drivers/STM32F0xx_HAL_Driver/Src/stm32f0xx_ll_utils.o
                                      0x2f9c5 (size before relaxing)

.comment        0x0000000000000000       0x50
 .comment       0x0000000000000000       0x50 ./Core/Src/adc.o
                                         0x51 (size before relaxing)
 .comment       0x0000000000000050       0x51 ./Core/Src/gpio.o
 .comment       0x0000000000000050       0x51 ./Core/Src/i2c.o
 .comment       0x0000000000000050       0x51 ./Core/Src/main.o
 .comment       0x0000000000000050       0x51 ./Core/Src/menu.o
 .comment       0x0000000000000050       0x51 ./Core/Src/nokia5110_LCD.o
 .comment       0x0000000000000050       0x51 ./Core/Src/spi.o
 .comment       0x0000000000000050       0x51 ./Core/Src/stm32f0xx_it.o
 .comment       0x0000000000000050       0x51 ./Core/Src/system_stm32f0xx.o
 .comment       0x0000000000000050       0x51 ./Core/Src/tim.o
 .comment       0x0000000000000050       0x51 ./Core/Src/callbacks/callbacks.o
 .comment       0x0000000000000050       0x51 ./Core/Src/callbacks/par_callbacks.o
 .comment       0x0000000000000050       0x51 ./Core/Src/callbacks/train_callbacks.o
 .comment       0x0000000000000050       0x51 ./Drivers/STM32F0xx_HAL_Driver/Src/stm32f0xx_ll_adc.o
 .comment       0x0000000000000050       0x51 ./Drivers/STM32F0xx_HAL_Driver/Src/stm32f0xx_ll_gpio.o
 .comment       0x0000000000000050       0x51 ./Drivers/STM32F0xx_HAL_Driver/Src/stm32f0xx_ll_i2c.o
 .comment       0x0000000000000050       0x51 ./Drivers/STM32F0xx_HAL_Driver/Src/stm32f0xx_ll_spi.o
 .comment       0x0000000000000050       0x51 ./Drivers/STM32F0xx_HAL_Driver/Src/stm32f0xx_ll_utils.o

.debug_frame    0x0000000000000000     0x1a3c
 .debug_frame   0x0000000000000000       0xd4 ./Core/Src/adc.o
 .debug_frame   0x00000000000000d4       0x90 ./Core/Src/gpio.o
 .debug_frame   0x0000000000000164      0x110 ./Core/Src/i2c.o
 .debug_frame   0x0000000000000274      0x358 ./Core/Src/main.o
 .debug_frame   0x00000000000005cc      0x1bc ./Core/Src/menu.o
 .debug_frame   0x0000000000000788      0x29c ./Core/Src/nokia5110_LCD.o
 .debug_frame   0x0000000000000a24       0xf0 ./Core/Src/spi.o
 .debug_frame   0x0000000000000b14      0x110 ./Core/Src/stm32f0xx_it.o
 .debug_frame   0x0000000000000c24       0x4c ./Core/Src/system_stm32f0xx.o
 .debug_frame   0x0000000000000c70       0x6c ./Core/Src/tim.o
 .debug_frame   0x0000000000000cdc       0x9c ./Core/Src/callbacks/callbacks.o
 .debug_frame   0x0000000000000d78       0xd4 ./Core/Src/callbacks/par_callbacks.o
 .debug_frame   0x0000000000000e4c      0x10c ./Core/Src/callbacks/train_callbacks.o
 .debug_frame   0x0000000000000f58      0x1f0 ./Drivers/STM32F0xx_HAL_Driver/Src/stm32f0xx_ll_adc.o
 .debug_frame   0x0000000000001148      0x170 ./Drivers/STM32F0xx_HAL_Driver/Src/stm32f0xx_ll_gpio.o
 .debug_frame   0x00000000000012b8      0x1d0 ./Drivers/STM32F0xx_HAL_Driver/Src/stm32f0xx_ll_i2c.o
 .debug_frame   0x0000000000001488      0x150 ./Drivers/STM32F0xx_HAL_Driver/Src/stm32f0xx_ll_spi.o
 .debug_frame   0x00000000000015d8      0x328 ./Drivers/STM32F0xx_HAL_Driver/Src/stm32f0xx_ll_utils.o
 .debug_frame   0x0000000000001900       0x2c c:/st/stm32cubeide_1.5.1/stm32cubeide/plugins/com.st.stm32cube.ide.mcu.externaltools.gnu-tools-for-stm32.10.3-2021.10.win32_1.0.100.202210260954/tools/bin/../lib/gcc/arm-none-eabi/10.3.1/../../../../arm-none-eabi/lib/thumb/v6-m/nofp\libc_nano.a(lib_a-init.o)
 .debug_frame   0x000000000000192c       0x40 c:/st/stm32cubeide_1.5.1/stm32cubeide/plugins/com.st.stm32cube.ide.mcu.externaltools.gnu-tools-for-stm32.10.3-2021.10.win32_1.0.100.202210260954/tools/bin/../lib/gcc/arm-none-eabi/10.3.1/../../../../arm-none-eabi/lib/thumb/v6-m/nofp\libc_nano.a(lib_a-itoa.o)
 .debug_frame   0x000000000000196c       0x20 c:/st/stm32cubeide_1.5.1/stm32cubeide/plugins/com.st.stm32cube.ide.mcu.externaltools.gnu-tools-for-stm32.10.3-2021.10.win32_1.0.100.202210260954/tools/bin/../lib/gcc/arm-none-eabi/10.3.1/../../../../arm-none-eabi/lib/thumb/v6-m/nofp\libc_nano.a(lib_a-memset.o)
 .debug_frame   0x000000000000198c       0x48 c:/st/stm32cubeide_1.5.1/stm32cubeide/plugins/com.st.stm32cube.ide.mcu.externaltools.gnu-tools-for-stm32.10.3-2021.10.win32_1.0.100.202210260954/tools/bin/../lib/gcc/arm-none-eabi/10.3.1/../../../../arm-none-eabi/lib/thumb/v6-m/nofp\libc_nano.a(lib_a-utoa.o)
 .debug_frame   0x00000000000019d4       0x28 c:/st/stm32cubeide_1.5.1/stm32cubeide/plugins/com.st.stm32cube.ide.mcu.externaltools.gnu-tools-for-stm32.10.3-2021.10.win32_1.0.100.202210260954/tools/bin/../lib/gcc/arm-none-eabi/10.3.1/../../../../arm-none-eabi/lib/thumb/v6-m/nofp\libc_nano.a(lib_a-memcpy-stub.o)
 .debug_frame   0x00000000000019fc       0x20 c:/st/stm32cubeide_1.5.1/stm32cubeide/plugins/com.st.stm32cube.ide.mcu.externaltools.gnu-tools-for-stm32.10.3-2021.10.win32_1.0.100.202210260954/tools/bin/../lib/gcc/arm-none-eabi/10.3.1/thumb/v6-m/nofp\libgcc.a(_udivsi3.o)
 .debug_frame   0x0000000000001a1c       0x20 c:/st/stm32cubeide_1.5.1/stm32cubeide/plugins/com.st.stm32cube.ide.mcu.externaltools.gnu-tools-for-stm32.10.3-2021.10.win32_1.0.100.202210260954/tools/bin/../lib/gcc/arm-none-eabi/10.3.1/thumb/v6-m/nofp\libgcc.a(_divsi3.o)
