../Drivers/STM32F0xx_HAL_Driver/Inc/stm32f0xx_ll_spi.h:1357:22:LL_SPI_TransmitData8	24	static
../Core/Src/nokia5110_LCD.c:24:6:LCD_send	16	static
../Core/Src/nokia5110_LCD.c:38:6:LCD_write	16	static
../Core/Src/nokia5110_LCD.c:60:6:LCD_init	8	static
../Core/Src/nokia5110_LCD.c:80:6:LCD_invert	16	static
../Core/Src/nokia5110_LCD.c:92:6:LCD_invertText	16	static
../Core/Src/nokia5110_LCD.c:104:6:LCD_putChar	24	static
../Core/Src/nokia5110_LCD.c:113:6:LCD_putChar_big	40	static
../Core/Src/nokia5110_LCD.c:140:6:LCD_print	16	static
../Core/Src/nokia5110_LCD.c:147:6:LCD_print_big	16	static
../Core/Src/nokia5110_LCD.c:156:6:LCD_clrScr	16	static
../Core/Src/nokia5110_LCD.c:168:6:LCD_goXY	16	static
../Core/Src/nokia5110_LCD.c:178:6:LCD_refreshScr	16	static
../Core/Src/nokia5110_LCD.c:194:6:LCD_refreshArea	32	static
../Core/Src/nokia5110_LCD.c:211:6:LCD_setPixel	24	static
../Core/Src/nokia5110_LCD.c:230:6:LCD_drawHLine	40	static
../Core/Src/nokia5110_LCD.c:248:6:LCD_drawVLine	32	static
c:\st\stm32cubeide_1.5.1\stm32cubeide\plugins\com.st.stm32cube.ide.mcu.externaltools.gnu-tools-for-stm32.10.3-2021.10.win32_1.0.100.202210260954\tools\arm-none-eabi\include\stdlib.h:70:5:abs	16	static
../Core/Src/nokia5110_LCD.c:276:6:LCD_drawLine	80	static
../Core/Src/nokia5110_LCD.c:349:6:LCD_drawRectangle	24	static
