../Core/Src/syscalls.c:24:6:initialise_monitor_handles	8	static
../Core/Src/syscalls.c:28:5:_getpid	8	static
../Core/Src/syscalls.c:33:5:_kill	16	static
../Core/Src/syscalls.c:39:6:_exit	16	static
../Core/Src/syscalls.c:45:27:_read	32	static
../Core/Src/syscalls.c:57:27:_write	32	static
../Core/Src/syscalls.c:68:5:_close	16	static
../Core/Src/syscalls.c:74:5:_fstat	16	static
../Core/Src/syscalls.c:80:5:_isatty	16	static
../Core/Src/syscalls.c:85:5:_lseek	24	static
../Core/Src/syscalls.c:90:5:_open	20	static
../Core/Src/syscalls.c:96:5:_wait	16	static
../Core/Src/syscalls.c:102:5:_unlink	16	static
../Core/Src/syscalls.c:108:5:_times	16	static
../Core/Src/syscalls.c:113:5:_stat	16	static
../Core/Src/syscalls.c:119:5:_link	16	static
../Core/Src/syscalls.c:125:5:_fork	8	static
../Core/Src/syscalls.c:131:5:_execve	24	static
